// Jest Snapshot v1, https://jestjs.io/docs/snapshot-testing

exports[`LaunchTemplateStack Snapshots LaunchTemplateStack matches snapshot 1`] = `
{
  "Metadata": {
    "cdk_nag": {
      "rules_to_suppress": [
        {
          "applies_to": [
            "Policy::arn:<AWS::Partition>:iam::aws:policy/service-role/AWSLambdaBasicExecutionRole",
          ],
          "id": "AwsSolutions-IAM4",
          "reason": "AWS managed policies are used for Lambda functions created by CDK for custom resources (Auto Scaling lifecycle hooks, VPC default security group restriction, EventBridge targets). These are standard CloudFormation custom resource Lambda functions managed by CDK.",
        },
        {
          "applies_to": [
            "Resource::*",
          ],
          "id": "AwsSolutions-IAM5",
          "reason": "Wildcard permissions are used by CDK-managed custom resource Lambdas for EventBridge to CloudWatch Logs integration and other CDK framework operations. This is required by the CDK framework to manage resource policies and cannot be scoped further. This is standard CDK behavior.",
        },
        {
          "applies_to": [
            "Action::ecs:Submit*",
          ],
          "id": "AwsSolutions-IAM5",
          "reason": "ECS Container Instance IAM role requires wildcard action permissions (ecs:Submit*) to communicate with ECS control plane. This is a standard permission for ECS EC2 instances as documented in AWS ECS best practices and is created by CDK's Auto Scaling Group construct.",
        },
        {
          "applies_to": [
            {
              "regex": "/^Resource::arn:(aws|<AWS::Partition>):autoscaling:.*:.*:autoScalingGroup:\\*:autoScalingGroupName\\/<.*>$/",
            },
          ],
          "id": "AwsSolutions-IAM5",
          "reason": "Auto Scaling Group lifecycle hook Lambda (DrainECSHook) requires permissions to manage Auto Scaling lifecycle actions. The wildcard is scoped to the specific Auto Scaling Group name pattern and is necessary for proper instance lifecycle management during ECS task draining. This is a CDK-managed resource.",
        },
        {
          "id": "AwsSolutions-L1",
          "reason": "Lambda runtime versions are managed by CDK for custom resources. CDK automatically updates these with new releases. Upgrading CDK version will update these runtimes.",
        },
        {
          "id": "AwsSolutions-ECS2",
          "reason": "Environment variables like NODE_ENV, PORT, and service configuration are non-sensitive values. Sensitive values (API keys, passwords, tokens) must use AWS Secrets Manager or SSM Parameter Store with SecureString. These basic config values are safe as environment variables.",
        },
        {
          "id": "AwsSolutions-ECS7",
          "reason": "Container logging is intentionally disabled for certain containers to reduce costs in development environments. For production, enable CloudWatch Logs with proper IAM permissions.",
        },
        {
          "applies_to": [
            "Resource::*",
          ],
          "id": "AwsSolutions-IAM5",
          "reason": "ECS service requires permissions to describe and manage tasks within its cluster. The wildcard is scoped to the specific cluster ARN and is necessary for ECS service operations like task placement, health checks, and service discovery.",
        },
        {
          "applies_to": [
            "Action::ecs:Submit*",
          ],
          "id": "AwsSolutions-IAM5",
          "reason": "ECS Container Instance IAM role requires wildcard action permissions (ecs:Submit*) to communicate with ECS control plane. This is a standard permission for ECS EC2 instances as documented in AWS ECS best practices.",
        },
        {
          "applies_to": [
            {
              "regex": "/^Resource::arn:(aws|<AWS::Partition>):autoscaling:.*:.*:autoScalingGroup:\\*:autoScalingGroupName\\/<.*>$/",
            },
          ],
          "id": "AwsSolutions-IAM5",
          "reason": "Auto Scaling Group lifecycle hook Lambda requires permissions to manage Auto Scaling lifecycle actions. The wildcard is scoped to the specific Auto Scaling Group name pattern and is necessary for proper instance lifecycle management during ECS task draining.",
        },
        {
          "applies_to": [
            "Resource::*",
          ],
          "id": "AwsSolutions-IAM5",
          "reason": "Auto Scaling lifecycle hooks require permissions to describe instances and complete lifecycle actions. These permissions are scoped to the specific Auto Scaling Group and are necessary for proper instance lifecycle management.",
        },
        {
          "applies_to": [
            {
              "regex": "/^Resource::arn:(aws|<AWS::Partition>):autoscaling:.*:.*:autoScalingGroup:\\*:autoScalingGroupName\\/<.*>$/",
            },
          ],
          "id": "AwsSolutions-IAM5",
          "reason": "Auto Scaling Group lifecycle hook Lambda requires wildcard permissions for Auto Scaling Group operations because the ASG name contains CDK-generated tokens that are not known at synthesis time. This is required for ECS instance draining functionality.",
        },
        {
          "id": "AwsSolutions-AS3",
          "reason": "Auto Scaling Group notifications are optional for development environments. For production, consider enabling SNS notifications for scaling events to improve operational visibility.",
        },
        {
          "id": "AwsSolutions-EC26",
          "reason": "EBS encryption can be managed at the account level via AWS Config or enabled per-environment. For development environments, unencrypted volumes reduce costs. Production environments should enable EBS encryption.",
        },
        {
          "applies_to": [
            {
              "regex": "/^Resource::arn:aws:logs:.*:.*:log-group:/ecs/test\\*:\\*$/",
            },
          ],
          "id": "AwsSolutions-IAM5",
          "reason": "CloudWatch Logs permissions use wildcard for log streams within the environment-specific log group. This allows services to create log streams dynamically while restricting access to the specific environment. The wildcard is scoped to /ecs/{envName}* pattern.",
        },
        {
          "applies_to": [
            "Resource::arn:aws:logs:eu-west-1:123456789012:log-group:<EcsClusterClusterLogGroupF10E9DBD>:*",
          ],
          "id": "AwsSolutions-IAM5",
          "reason": "CloudWatch Logs permissions use wildcard for log streams within the ECS cluster log group. This allows ECS tasks to create log streams dynamically. The wildcard is scoped to the specific log group ARN.",
        },
      ],
    },
  },
  "Outputs": {
    "InstanceRoleArn": {
      "Description": "EC2 Instance IAM Role ARN",
      "Export": {
        "Name": "test-launch-template-role-arn",
      },
      "Value": {
        "Fn::GetAtt": [
          "EcsInstanceRole28EECAF6",
          "Arn",
        ],
      },
    },
    "LaunchTemplateId": {
      "Description": "Launch Template ID",
      "Export": {
        "Name": "test-launch-template-id",
      },
      "Value": {
        "Ref": "EcsLaunchTemplateED7DA505",
      },
    },
    "LaunchTemplateName": {
      "Description": "Launch Template Name",
      "Export": {
        "Name": "test-launch-template-name",
      },
      "Value": "TestLaunchTemplateStack-template",
    },
    "SecurityGroupId": {
      "Description": "Launch Template Security Group ID",
      "Export": {
        "Name": "test-launch-template-sg-id",
      },
      "Value": {
        "Fn::GetAtt": [
          "EcsLaunchTemplateSecurityGroup3E9D5CF6",
          "GroupId",
        ],
      },
    },
  },
  "Parameters": {
    "BootstrapVersion": {
      "Default": "/cdk-bootstrap/hnb659fds/version",
      "Description": "Version of the CDK Bootstrap resources in this environment, automatically retrieved from SSM Parameter Store. [cdk:skip]",
      "Type": "AWS::SSM::Parameter::Value<String>",
    },
    "SsmParameterValueawsserviceecsoptimizedamiamazonlinux2023recommendedimageidC96584B6F00A464EAD1953AFF4B05118Parameter": {
      "Default": "/aws/service/ecs/optimized-ami/amazon-linux-2023/recommended/image_id",
      "Type": "AWS::SSM::Parameter::Value<AWS::EC2::Image::Id>",
    },
  },
  "Resources": {
    "EcsInstanceRole28EECAF6": {
      "Properties": {
        "AssumeRolePolicyDocument": {
          "Statement": [
            {
              "Action": "sts:AssumeRole",
              "Effect": "Allow",
              "Principal": {
                "Service": "ec2.amazonaws.com",
              },
            },
          ],
          "Version": "2012-10-17",
        },
        "ManagedPolicyArns": [
          {
            "Fn::Join": [
              "",
              [
                "arn:",
                {
                  "Ref": "AWS::Partition",
                },
                ":iam::aws:policy/AmazonSSMManagedInstanceCore",
              ],
            ],
          },
          {
            "Fn::Join": [
              "",
              [
                "arn:",
                {
                  "Ref": "AWS::Partition",
                },
                ":iam::aws:policy/CloudWatchAgentServerPolicy",
              ],
            ],
          },
          {
            "Fn::Join": [
              "",
              [
                "arn:",
                {
                  "Ref": "AWS::Partition",
                },
                ":iam::aws:policy/service-role/AmazonEC2ContainerServiceforEC2Role",
              ],
            ],
          },
        ],
        "Tags": [
          {
            "Key": "Environment",
            "Value": "test",
          },
          {
            "Key": "ManagedBy",
            "Value": "CDK",
          },
          {
            "Key": "Stack",
            "Value": "LaunchTemplate",
          },
        ],
      },
      "Type": "AWS::IAM::Role",
    },
    "EcsLaunchTemplateED7DA505": {
      "DependsOn": [
        "EcsInstanceRole28EECAF6",
      ],
      "Properties": {
        "LaunchTemplateData": {
          "BlockDeviceMappings": [
            {
              "DeviceName": "/dev/xvda",
              "Ebs": {
                "DeleteOnTermination": true,
                "Encrypted": true,
                "VolumeSize": 30,
                "VolumeType": "gp3",
              },
            },
          ],
          "IamInstanceProfile": {
            "Arn": {
              "Fn::GetAtt": [
                "EcsLaunchTemplateInstanceProfile4DD06909",
                "Arn",
              ],
            },
          },
          "ImageId": {
            "Ref": "SsmParameterValueawsserviceecsoptimizedamiamazonlinux2023recommendedimageidC96584B6F00A464EAD1953AFF4B05118Parameter",
          },
          "InstanceType": "t3.micro",
          "MetadataOptions": {
            "HttpEndpoint": "enabled",
            "HttpPutResponseHopLimit": 2,
            "HttpTokens": "required",
          },
          "Monitoring": {
            "Enabled": true,
          },
          "NetworkInterfaces": [
            {
              "AssociatePublicIpAddress": false,
              "DeviceIndex": 0,
              "Groups": [
                {
                  "Fn::GetAtt": [
                    "EcsLaunchTemplateSecurityGroup3E9D5CF6",
                    "GroupId",
                  ],
                },
              ],
            },
          ],
          "TagSpecifications": [
            {
              "ResourceType": "instance",
              "Tags": [
                {
                  "Key": "Environment",
                  "Value": "test",
                },
                {
                  "Key": "ManagedBy",
                  "Value": "CDK",
                },
                {
                  "Key": "Name",
                  "Value": "TestLaunchTemplateStack/EcsLaunchTemplate/LaunchTemplate",
                },
                {
                  "Key": "Stack",
                  "Value": "LaunchTemplate",
                },
              ],
            },
            {
              "ResourceType": "volume",
              "Tags": [
                {
                  "Key": "Environment",
                  "Value": "test",
                },
                {
                  "Key": "ManagedBy",
                  "Value": "CDK",
                },
                {
                  "Key": "Name",
                  "Value": "TestLaunchTemplateStack/EcsLaunchTemplate/LaunchTemplate",
                },
                {
                  "Key": "Stack",
                  "Value": "LaunchTemplate",
                },
              ],
            },
          ],
          "UserData": {
            "Fn::Base64": "#!/bin/bash
#!/bin/bash
echo ECS_CLUSTER=test-cluster >> /etc/ecs/ecs.config
echo ECS_ENABLE_CONTAINER_METADATA=true >> /etc/ecs/ecs.config
echo ECS_ENABLE_TASK_IAM_ROLE=true >> /etc/ecs/ecs.config
yum update -y
yum install -y amazon-cloudwatch-agent
systemctl enable ecs
systemctl start ecs
echo "ECS-compatible launch template initialized"",
          },
        },
        "LaunchTemplateName": "TestLaunchTemplateStack-template",
        "TagSpecifications": [
          {
            "ResourceType": "launch-template",
            "Tags": [
              {
                "Key": "Environment",
                "Value": "test",
              },
              {
                "Key": "ManagedBy",
                "Value": "CDK",
              },
              {
                "Key": "Name",
                "Value": "TestLaunchTemplateStack/EcsLaunchTemplate/LaunchTemplate",
              },
              {
                "Key": "Stack",
                "Value": "LaunchTemplate",
              },
            ],
          },
        ],
      },
      "Type": "AWS::EC2::LaunchTemplate",
    },
    "EcsLaunchTemplateInstanceProfile4DD06909": {
      "Properties": {
        "Roles": [
          {
            "Ref": "EcsInstanceRole28EECAF6",
          },
        ],
      },
      "Type": "AWS::IAM::InstanceProfile",
    },
    "EcsLaunchTemplateProfile1896B5A0": {
      "Properties": {
        "Roles": [
          {
            "Ref": "EcsInstanceRole28EECAF6",
          },
        ],
      },
      "Type": "AWS::IAM::InstanceProfile",
    },
    "EcsLaunchTemplateSecurityGroup3E9D5CF6": {
      "Properties": {
        "GroupDescription": "Security group for launch template instances",
        "SecurityGroupEgress": [
          {
            "CidrIp": "0.0.0.0/0",
            "Description": "Allow all outbound traffic by default",
            "IpProtocol": "-1",
          },
        ],
        "Tags": [
          {
            "Key": "Environment",
            "Value": "test",
          },
          {
            "Key": "ManagedBy",
            "Value": "CDK",
          },
          {
            "Key": "Stack",
            "Value": "LaunchTemplate",
          },
        ],
        "VpcId": {
          "Fn::ImportValue": "TestVpcStack:ExportsOutputRefTestVpcE77CE67811D13B85",
        },
      },
      "Type": "AWS::EC2::SecurityGroup",
    },
  },
  "Rules": {
    "CheckBootstrapVersion": {
      "Assertions": [
        {
          "Assert": {
            "Fn::Not": [
              {
                "Fn::Contains": [
                  [
                    "1",
                    "2",
                    "3",
                    "4",
                    "5",
                  ],
                  {
                    "Ref": "BootstrapVersion",
                  },
                ],
              },
            ],
          },
          "AssertDescription": "CDK bootstrap stack version 6 required. Please run 'cdk bootstrap' with a recent version of the CDK CLI.",
        },
      ],
    },
  },
}
`;
